Name dbf_n0 dbf_n1 dbf_n2 dbf_n3 dbf_minaa dbf_maxaa dbf_aveaa dbf_minab dbf_maxab dbf_aveab dbf_minac dbf_maxac dbf_aveac dbf_minad dbf_maxad dbf_avead dbf_minbb dbf_maxbb dbf_avebb dbf_minbc dbf_maxbc dbf_avebc dbf_minbd dbf_maxbd dbf_avebd dbf_mincc dbf_maxcc dbf_avecc dbf_mincd dbf_maxcd dbf_avecd dbf_mindd dbf_maxdd dbf_avedd dbf_3minaa dbf_3maxaa dbf_3aveaa dbf_3minab dbf_3maxab dbf_3aveab dbf_3minac dbf_3maxac dbf_3aveac dbf_3minad dbf_3maxad dbf_3avead dbf_3minbb dbf_3maxbb dbf_3avebb dbf_3minbc dbf_3maxbc dbf_3avebc dbf_3minbd dbf_3maxbd dbf_3avebd dbf_3mincc dbf_3maxcc dbf_3avecc dbf_3mincd dbf_3maxcd dbf_3avecd dbf_3mindd dbf_3maxdd dbf_3avedd
PBCHM6197496 0 0 4 0 0 0 0 0 0 0 0 0 0 0 0 0 0 0 0 0 0 0 0 0 0 2 7 4.5 0 0 0 0 0 0 0 0 0 0 0 0 0 0 0 0 0 0 0 0 0 0 0 0 0 0 0 2.2260 8.3820 4.6650 0 0 0 0 0 0
